Collecting git+https://github.com/jaraco/path.git
  Cloning https://github.com/jaraco/path.git to /tmp/pip-req-build-4tyxk_52
  Running command git clone --filter=blob:none --quiet https://github.com/jaraco/path.git /tmp/pip-req-build-4tyxk_52
  Resolved https://github.com/jaraco/path.git to commit 0f86209f11199ceaff788c73f96ea5b5ec2318ee
  Installing build dependencies: started
  Installing build dependencies: finished with status 'done'
  Getting requirements to build wheel: started
  Getting requirements to build wheel: finished with status 'done'
  Preparing metadata (pyproject.toml): started
  Preparing metadata (pyproject.toml): finished with status 'done'
Building wheels for collected packages: path
  Building wheel for path (pyproject.toml): started
  Building wheel for path (pyproject.toml): finished with status 'done'
  Created wheel for path: filename=path-17.1.1-py3-none-any.whl size=23936 sha256=1219bde0cbfa954e2476275ead9e62019d9119382b5665544b55cff47986b926
  Stored in directory: /tmp/pip-ephem-wheel-cache-1n1_p3w2/wheels/05/97/77/84a6ccf4f5f41dfcbbeb29075fa06cf285990f754500f88e62
Successfully built path
WARNING: Error parsing dependencies of flatbuffers: Invalid version: '1.12.1-git20200711.33e2d80-dfsg1-0.6'
Installing collected packages: path
Successfully installed path-17.1.1

[notice] A new release of pip is available: 25.1.1 -> 25.2
[notice] To update, run: python3 -m pip install --upgrade pip
